Exporter version: 2.93.4, Blender version: 2.93.5
========= Conversion from Blender to Babylon.js =========
	Scene settings used :
		Inline textures     :  false
		Material Type       :  PBR
		Positions Precision :  4
		Normals Precision   :  3
		UVs Precision       :  3
		Vert Color Precision:  3
		Mat Weight Precision:  2
		Keep Z-up r-handed  :  no
		Texture directory   :  /Users/jenjao/Desktop/PainScan/babylon101/another/
	Python World class constructor completed
	WARNING: No active camera has been assigned, or is not in a currently enabled collection
	processing begun of mesh:  SMPL-mesh-female
		WARNING: No skeleton with name "SMPL-female" found skeleton ignored.
		processing begun of material:  Body
			processing texture Screen_Shot_2021_12_27_at_4_40_47_PM
				texture type:  diffuseTexture, mapped using: "UVMap"
		WARNING: Basis key missing, shape-key processing NOT performed
		num positions      :  8893
		num normals        :  8893
		num tangents       :  0
		num uvs            :  17786
		num uvs2           :  0
		num colors         :  0
		num triangles      :  13776
========= Writing of JSON file started =========
	writing mesh:  SMPL-mesh-female
========= Writing of JSON file completed =========
========= end of processing =========
elapsed time:  0 min, 0.362 secs
